2026-01-07 20:01:36 index.php hit: /api/tenants/default
2026-01-07 20:01:36 index.php hit: /api/tenants/default
2026-01-07 20:01:36 index.php hit: /api/tenants/default
2026-01-07 20:01:36 index.php hit: /api/tenants/default
2026-01-07 20:05:07 index.php hit: /api/tenants/default
2026-01-07 20:05:10 index.php hit: /api/tenants/default
2026-01-07 20:05:10 index.php hit: /api/tenants/default
2026-01-07 20:05:11 index.php hit: /api/tenants/default
2026-01-07 20:05:48 index.php hit: /api/auth/login
2026-01-07 20:05:48 index.php hit: /api/auth/login
2026-01-07 20:06:14 index.php hit: /api/auth/login
2026-01-07 20:06:16 index.php hit: /api/preferences/category/security_policy
2026-01-07 20:06:16 index.php hit: /api/preferences/category/language
2026-01-07 20:06:17 index.php hit: /api/preferences/category/security_policy
2026-01-07 20:06:17 index.php hit: /api/preferences/category/security_policy
2026-01-07 20:06:17 index.php hit: /api/preferences/category/language
2026-01-07 20:06:17 index.php hit: /api/preferences/category/security_policy
2026-01-07 20:06:18 index.php hit: /api/hris/profile/my-requests?status=pending
2026-01-07 20:06:19 index.php hit: /api/hris/dashboard/summary
2026-01-07 20:06:19 index.php hit: /api/hris/dashboard/daily-quote
2026-01-07 20:06:19 index.php hit: /api/hris/dashboard/notifications
2026-01-07 20:06:19 index.php hit: /api/hris/dashboard/notifications/unread-count
2026-01-07 20:06:19 index.php hit: /api/hris/dashboard/team
2026-01-07 20:06:19 index.php hit: /api/hris/dashboard/downlines
2026-01-07 20:06:20 index.php hit: /api/hris/profile/my-requests?status=pending
2026-01-07 20:06:20 index.php hit: /api/hris/departments?all=true
2026-01-07 20:06:21 index.php hit: /api/hris/dashboard/summary
2026-01-07 20:06:21 index.php hit: /api/hris/dashboard/daily-quote
2026-01-07 20:06:21 index.php hit: /api/hris/positions
2026-01-07 20:06:22 index.php hit: /api/hris/dashboard/notifications
2026-01-07 20:06:22 index.php hit: /api/hris/grades
2026-01-07 20:06:22 index.php hit: /api/hris/dashboard/notifications/unread-count
2026-01-07 20:06:23 index.php hit: /api/hris/levels
2026-01-07 20:06:23 index.php hit: /api/hris/dashboard/team
2026-01-07 20:06:23 index.php hit: /api/hris/skills
2026-01-07 20:06:24 index.php hit: /api/hris/dashboard/analytics
2026-01-07 20:06:24 index.php hit: /api/hris/dashboard/downlines
2026-01-07 20:06:24 index.php hit: /api/hris/employees?is_active=1&per_page=1000
2026-01-07 20:06:24 index.php hit: /api/hris/departments?all=true
2026-01-07 20:06:25 index.php hit: /api/hris/dashboard/analytics?year=2026
2026-01-07 20:06:25 index.php hit: /api/hris/positions
2026-01-07 20:06:26 index.php hit: /api/hris/dashboard/employees/on-probation
2026-01-07 20:06:26 index.php hit: /api/hris/grades
2026-01-07 20:06:27 index.php hit: /api/hris/dashboard/employees/birthdays-this-month
2026-01-07 20:06:27 index.php hit: /api/hris/levels
2026-01-07 20:06:27 index.php hit: /api/hris/dashboard/employees/anniversaries-this-month
2026-01-07 20:06:27 index.php hit: /api/hris/skills
2026-01-07 20:06:28 index.php hit: /api/auth/me
2026-01-07 20:06:28 index.php hit: /api/hris/dashboard/analytics
2026-01-07 20:06:29 index.php hit: /api/hris/hr/approval-queue
2026-01-07 20:06:29 index.php hit: /api/hris/employees?is_active=1&per_page=1000
2026-01-07 20:06:30 index.php hit: /api/hris/hr/incorrect-detail-reports?status=pending
2026-01-07 20:06:30 index.php hit: /api/hris/dashboard/analytics?year=2026
2026-01-07 20:06:30 index.php hit: /api/hris/dashboard/employees/on-probation
2026-01-07 20:06:31 index.php hit: /api/hris/dashboard/employees/birthdays-this-month
2026-01-07 20:06:31 index.php hit: /api/hris/dashboard/employees/anniversaries-this-month
2026-01-07 20:06:31 index.php hit: /api/auth/me
2026-01-07 20:06:32 index.php hit: /api/hris/hr/approval-queue
2026-01-07 20:06:32 index.php hit: /api/hris/hr/incorrect-detail-reports?status=pending
